---
source: tests/xrechnung_tests.rs
assertion_line: 500
expression: xml
---
<?xml version="1.0" encoding="UTF-8"?>
<rsm:CrossIndustryInvoice xmlns:rsm="urn:un:unece:uncefact:data:standard:CrossIndustryInvoice:100" xmlns:ram="urn:un:unece:uncefact:data:standard:ReusableAggregateBusinessInformationEntity:100" xmlns:qdt="urn:un:unece:uncefact:data:standard:QualifiedDataType:100" xmlns:udt="urn:un:unece:uncefact:data:standard:UnqualifiedDataType:100">
  <rsm:ExchangedDocumentContext>
    <ram:BusinessProcessSpecifiedDocumentContextParameter>
      <ram:ID>urn:fdc:peppol.eu:2017:poacc:billing:01:1.0</ram:ID>
    </ram:BusinessProcessSpecifiedDocumentContextParameter>
    <ram:GuidelineSpecifiedDocumentContextParameter>
      <ram:ID>urn:cen.eu:en16931:2017#compliant#urn:xeinkauf.de:kosit:xrechnung_3.0</ram:ID>
    </ram:GuidelineSpecifiedDocumentContextParameter>
  </rsm:ExchangedDocumentContext>
  <rsm:ExchangedDocument>
    <ram:ID>RE-2024-001</ram:ID>
    <ram:TypeCode>380</ram:TypeCode>
    <ram:IssueDateTime>
      <udt:DateTimeString format="102">20240615</udt:DateTimeString>
    </ram:IssueDateTime>
  </rsm:ExchangedDocument>
  <rsm:SupplyChainTradeTransaction>
    <ram:IncludedSupplyChainTradeLineItem>
      <ram:AssociatedDocumentLineDocument>
        <ram:LineID>1</ram:LineID>
      </ram:AssociatedDocumentLineDocument>
      <ram:SpecifiedTradeProduct>
        <ram:Name>Softwareentwicklung</ram:Name>
        <ram:Description>React Frontend</ram:Description>
      </ram:SpecifiedTradeProduct>
      <ram:SpecifiedLineTradeAgreement>
        <ram:NetPriceProductTradePrice>
          <ram:ChargeAmount>120.00</ram:ChargeAmount>
        </ram:NetPriceProductTradePrice>
      </ram:SpecifiedLineTradeAgreement>
      <ram:SpecifiedLineTradeDelivery>
        <ram:BilledQuantity unitCode="HUR">80.00</ram:BilledQuantity>
      </ram:SpecifiedLineTradeDelivery>
      <ram:SpecifiedLineTradeSettlement>
        <ram:ApplicableTradeTax>
          <ram:TypeCode>VAT</ram:TypeCode>
          <ram:CategoryCode>S</ram:CategoryCode>
          <ram:RateApplicablePercent>19.00</ram:RateApplicablePercent>
        </ram:ApplicableTradeTax>
        <ram:SpecifiedTradeSettlementLineMonetarySummation>
          <ram:LineTotalAmount>9600.00</ram:LineTotalAmount>
        </ram:SpecifiedTradeSettlementLineMonetarySummation>
      </ram:SpecifiedLineTradeSettlement>
    </ram:IncludedSupplyChainTradeLineItem>
    <ram:IncludedSupplyChainTradeLineItem>
      <ram:AssociatedDocumentLineDocument>
        <ram:LineID>2</ram:LineID>
      </ram:AssociatedDocumentLineDocument>
      <ram:SpecifiedTradeProduct>
        <ram:Name>Hosting</ram:Name>
      </ram:SpecifiedTradeProduct>
      <ram:SpecifiedLineTradeAgreement>
        <ram:NetPriceProductTradePrice>
          <ram:ChargeAmount>49.90</ram:ChargeAmount>
        </ram:NetPriceProductTradePrice>
      </ram:SpecifiedLineTradeAgreement>
      <ram:SpecifiedLineTradeDelivery>
        <ram:BilledQuantity unitCode="C62">1.00</ram:BilledQuantity>
      </ram:SpecifiedLineTradeDelivery>
      <ram:SpecifiedLineTradeSettlement>
        <ram:ApplicableTradeTax>
          <ram:TypeCode>VAT</ram:TypeCode>
          <ram:CategoryCode>S</ram:CategoryCode>
          <ram:RateApplicablePercent>19.00</ram:RateApplicablePercent>
        </ram:ApplicableTradeTax>
        <ram:SpecifiedTradeSettlementLineMonetarySummation>
          <ram:LineTotalAmount>49.90</ram:LineTotalAmount>
        </ram:SpecifiedTradeSettlementLineMonetarySummation>
      </ram:SpecifiedLineTradeSettlement>
    </ram:IncludedSupplyChainTradeLineItem>
    <ram:ApplicableHeaderTradeAgreement>
      <ram:BuyerReference>04011000-12345-03</ram:BuyerReference>
      <ram:SellerTradeParty>
        <ram:Name>ACME GmbH</ram:Name>
        <ram:SpecifiedTaxRegistration>
          <ram:ID schemeID="VA">DE123456789</ram:ID>
        </ram:SpecifiedTaxRegistration>
        <ram:DefinedTradeContact>
          <ram:PersonName>Max Mustermann</ram:PersonName>
          <ram:TelephoneUniversalCommunication>
            <ram:CompleteNumber>+49 30 12345</ram:CompleteNumber>
          </ram:TelephoneUniversalCommunication>
          <ram:EmailURIUniversalCommunication>
            <ram:URIID>max@acme.de</ram:URIID>
          </ram:EmailURIUniversalCommunication>
        </ram:DefinedTradeContact>
        <ram:PostalTradeAddress>
          <ram:PostcodeCode>10115</ram:PostcodeCode>
          <ram:LineOne>Friedrichstraße 123</ram:LineOne>
          <ram:CityName>Berlin</ram:CityName>
          <ram:CountryID>DE</ram:CountryID>
        </ram:PostalTradeAddress>
        <ram:URIUniversalCommunication>
          <ram:URIID schemeID="EM">seller@acme.de</ram:URIID>
        </ram:URIUniversalCommunication>
      </ram:SellerTradeParty>
      <ram:BuyerTradeParty>
        <ram:Name>Kunde AG</ram:Name>
        <ram:PostalTradeAddress>
          <ram:PostcodeCode>80331</ram:PostcodeCode>
          <ram:LineOne>Marienplatz 1</ram:LineOne>
          <ram:CityName>München</ram:CityName>
          <ram:CountryID>DE</ram:CountryID>
        </ram:PostalTradeAddress>
        <ram:URIUniversalCommunication>
          <ram:URIID schemeID="EM">buyer@kunde.de</ram:URIID>
        </ram:URIUniversalCommunication>
      </ram:BuyerTradeParty>
    </ram:ApplicableHeaderTradeAgreement>
    <ram:ApplicableHeaderTradeDelivery>
    </ram:ApplicableHeaderTradeDelivery>
    <ram:ApplicableHeaderTradeSettlement>
      <ram:InvoiceCurrencyCode>EUR</ram:InvoiceCurrencyCode>
      <ram:SpecifiedTradeSettlementPaymentMeans>
        <ram:TypeCode>58</ram:TypeCode>
        <ram:PayeePartyCreditorFinancialAccount>
          <ram:IBANID>DE89370400440532013000</ram:IBANID>
          <ram:AccountName>ACME GmbH</ram:AccountName>
        </ram:PayeePartyCreditorFinancialAccount>
        <ram:PayeeSpecifiedCreditorFinancialInstitution>
          <ram:BICID>COBADEFFXXX</ram:BICID>
        </ram:PayeeSpecifiedCreditorFinancialInstitution>
      </ram:SpecifiedTradeSettlementPaymentMeans>
      <ram:ApplicableTradeTax>
        <ram:CalculatedAmount>1833.48</ram:CalculatedAmount>
        <ram:TypeCode>VAT</ram:TypeCode>
        <ram:BasisAmount>9649.90</ram:BasisAmount>
        <ram:CategoryCode>S</ram:CategoryCode>
        <ram:RateApplicablePercent>19.00</ram:RateApplicablePercent>
      </ram:ApplicableTradeTax>
      <ram:SpecifiedTradePaymentTerms>
        <ram:Description>Zahlbar innerhalb von 30 Tagen</ram:Description>
        <ram:DueDateDateTime>
          <udt:DateTimeString format="102">20240715</udt:DateTimeString>
        </ram:DueDateDateTime>
      </ram:SpecifiedTradePaymentTerms>
      <ram:SpecifiedTradeSettlementHeaderMonetarySummation>
        <ram:LineTotalAmount>9649.90</ram:LineTotalAmount>
        <ram:TaxBasisTotalAmount>9649.90</ram:TaxBasisTotalAmount>
        <ram:TaxTotalAmount currencyID="EUR">1833.48</ram:TaxTotalAmount>
        <ram:GrandTotalAmount>11483.38</ram:GrandTotalAmount>
        <ram:DuePayableAmount>11483.38</ram:DuePayableAmount>
      </ram:SpecifiedTradeSettlementHeaderMonetarySummation>
    </ram:ApplicableHeaderTradeSettlement>
  </rsm:SupplyChainTradeTransaction>
</rsm:CrossIndustryInvoice>
