---
source: tests/xrechnung_tests.rs
assertion_line: 536
expression: xml
---
<?xml version="1.0" encoding="UTF-8"?>
<ubl:Invoice xmlns:ubl="urn:oasis:names:specification:ubl:schema:xsd:Invoice-2" xmlns:cac="urn:oasis:names:specification:ubl:schema:xsd:CommonAggregateComponents-2" xmlns:cbc="urn:oasis:names:specification:ubl:schema:xsd:CommonBasicComponents-2">
  <cbc:CustomizationID>urn:cen.eu:en16931:2017#compliant#urn:xeinkauf.de:kosit:xrechnung_3.0</cbc:CustomizationID>
  <cbc:ProfileID>urn:fdc:peppol.eu:2017:poacc:billing:01:1.0</cbc:ProfileID>
  <cbc:ID>RE-2024-001</cbc:ID>
  <cbc:IssueDate>2024-06-15</cbc:IssueDate>
  <cbc:DueDate>2024-07-15</cbc:DueDate>
  <cbc:InvoiceTypeCode>380</cbc:InvoiceTypeCode>
  <cbc:TaxPointDate>2024-06-15</cbc:TaxPointDate>
  <cbc:DocumentCurrencyCode>EUR</cbc:DocumentCurrencyCode>
  <cbc:BuyerReference>04011000-12345-03</cbc:BuyerReference>
  <cac:AccountingSupplierParty>
    <cac:Party>
      <cbc:EndpointID schemeID="EM">seller@acme.de</cbc:EndpointID>
      <cac:PostalAddress>
        <cbc:StreetName>Friedrichstraße 123</cbc:StreetName>
        <cbc:CityName>Berlin</cbc:CityName>
        <cbc:PostalZone>10115</cbc:PostalZone>
        <cac:Country>
          <cbc:IdentificationCode>DE</cbc:IdentificationCode>
        </cac:Country>
      </cac:PostalAddress>
      <cac:PartyTaxScheme>
        <cbc:CompanyID>DE123456789</cbc:CompanyID>
        <cac:TaxScheme>
          <cbc:ID>VAT</cbc:ID>
        </cac:TaxScheme>
      </cac:PartyTaxScheme>
      <cac:PartyLegalEntity>
        <cbc:RegistrationName>ACME GmbH</cbc:RegistrationName>
      </cac:PartyLegalEntity>
      <cac:Contact>
        <cbc:Name>Max Mustermann</cbc:Name>
        <cbc:Telephone>+49 30 12345</cbc:Telephone>
        <cbc:ElectronicMail>max@acme.de</cbc:ElectronicMail>
      </cac:Contact>
    </cac:Party>
  </cac:AccountingSupplierParty>
  <cac:AccountingCustomerParty>
    <cac:Party>
      <cbc:EndpointID schemeID="EM">buyer@kunde.de</cbc:EndpointID>
      <cac:PostalAddress>
        <cbc:StreetName>Marienplatz 1</cbc:StreetName>
        <cbc:CityName>München</cbc:CityName>
        <cbc:PostalZone>80331</cbc:PostalZone>
        <cac:Country>
          <cbc:IdentificationCode>DE</cbc:IdentificationCode>
        </cac:Country>
      </cac:PostalAddress>
      <cac:PartyLegalEntity>
        <cbc:RegistrationName>Kunde AG</cbc:RegistrationName>
      </cac:PartyLegalEntity>
    </cac:Party>
  </cac:AccountingCustomerParty>
  <cac:PaymentMeans>
    <cbc:PaymentMeansCode>58</cbc:PaymentMeansCode>
    <cbc:PaymentID>RE-2024-001</cbc:PaymentID>
    <cac:PayeeFinancialAccount>
      <cbc:ID>DE89370400440532013000</cbc:ID>
      <cbc:Name>ACME GmbH</cbc:Name>
      <cac:FinancialInstitutionBranch>
        <cbc:ID>COBADEFFXXX</cbc:ID>
      </cac:FinancialInstitutionBranch>
    </cac:PayeeFinancialAccount>
  </cac:PaymentMeans>
  <cac:PaymentTerms>
    <cbc:Note>Zahlbar innerhalb von 30 Tagen</cbc:Note>
  </cac:PaymentTerms>
  <cac:TaxTotal>
    <cbc:TaxAmount currencyID="EUR">1833.48</cbc:TaxAmount>
    <cac:TaxSubtotal>
      <cbc:TaxableAmount currencyID="EUR">9649.90</cbc:TaxableAmount>
      <cbc:TaxAmount currencyID="EUR">1833.48</cbc:TaxAmount>
      <cac:TaxCategory>
        <cbc:ID>S</cbc:ID>
        <cbc:Percent>19.00</cbc:Percent>
        <cac:TaxScheme>
          <cbc:ID>VAT</cbc:ID>
        </cac:TaxScheme>
      </cac:TaxCategory>
    </cac:TaxSubtotal>
  </cac:TaxTotal>
  <cac:LegalMonetaryTotal>
    <cbc:LineExtensionAmount currencyID="EUR">9649.90</cbc:LineExtensionAmount>
    <cbc:TaxExclusiveAmount currencyID="EUR">9649.90</cbc:TaxExclusiveAmount>
    <cbc:TaxInclusiveAmount currencyID="EUR">11483.38</cbc:TaxInclusiveAmount>
    <cbc:PayableAmount currencyID="EUR">11483.38</cbc:PayableAmount>
  </cac:LegalMonetaryTotal>
  <cac:InvoiceLine>
    <cbc:ID>1</cbc:ID>
    <cbc:InvoicedQuantity unitCode="HUR">80.00</cbc:InvoicedQuantity>
    <cbc:LineExtensionAmount currencyID="EUR">9600.00</cbc:LineExtensionAmount>
    <cac:Item>
      <cbc:Description>React Frontend</cbc:Description>
      <cbc:Name>Softwareentwicklung</cbc:Name>
      <cac:ClassifiedTaxCategory>
        <cbc:ID>S</cbc:ID>
        <cbc:Percent>19.00</cbc:Percent>
        <cac:TaxScheme>
          <cbc:ID>VAT</cbc:ID>
        </cac:TaxScheme>
      </cac:ClassifiedTaxCategory>
    </cac:Item>
    <cac:Price>
      <cbc:PriceAmount currencyID="EUR">120.00</cbc:PriceAmount>
    </cac:Price>
  </cac:InvoiceLine>
  <cac:InvoiceLine>
    <cbc:ID>2</cbc:ID>
    <cbc:InvoicedQuantity unitCode="C62">1.00</cbc:InvoicedQuantity>
    <cbc:LineExtensionAmount currencyID="EUR">49.90</cbc:LineExtensionAmount>
    <cac:Item>
      <cbc:Name>Hosting</cbc:Name>
      <cac:ClassifiedTaxCategory>
        <cbc:ID>S</cbc:ID>
        <cbc:Percent>19.00</cbc:Percent>
        <cac:TaxScheme>
          <cbc:ID>VAT</cbc:ID>
        </cac:TaxScheme>
      </cac:ClassifiedTaxCategory>
    </cac:Item>
    <cac:Price>
      <cbc:PriceAmount currencyID="EUR">49.90</cbc:PriceAmount>
    </cac:Price>
  </cac:InvoiceLine>
</ubl:Invoice>
